// Jest Snapshot v1, https://goo.gl/fbAQLP

exports[`CountryItem should render the component 1`] = `
<View
  style={
    Object {
      "backgroundColor": "#eee",
      "margin": 10,
      "padding": 10,
    }
  }
>
  <Text
    accessible={true}
    allowFontScaling={true}
    ellipsizeMode="tail"
    style={
      Object {
        "fontWeight": "600",
      }
    }
  >
    
  </Text>
  <Text
    accessible={true}
    allowFontScaling={true}
    ellipsizeMode="tail"
  >
    
  </Text>
  <Text
    accessible={true}
    allowFontScaling={true}
    ellipsizeMode="tail"
  >
    
  </Text>
  <Text
    accessible={true}
    allowFontScaling={true}
    ellipsizeMode="tail"
  >
    Lang: 
    
  </Text>
</View>
`;
